// Jest Snapshot v1, https://goo.gl/fbAQLP

exports[`ColorPicker Should component render correct 1`] = `
<div>
  <div>
    Color Picker
  </div>
  <div
    class="rc-color-picker rc-color-picker-placement-bottomLeft"
    style="--arrow-x: 0px; --arrow-y: 0px; left: -1000vw; top: -1000vh; box-sizing: border-box;"
  >
    <div
      class="rc-color-picker-panel"
    >
      <div
        class="rc-color-picker-select"
      >
        <div
          class="rc-color-picker-palette"
          style="position: relative;"
        >
          <div
            style="position: absolute; left: 0px; top: 0px; z-index: 1;"
          >
            <div
              class="rc-color-picker-handler"
              style="background-color: rgb(22, 119, 255);"
            />
          </div>
          <div
            class="rc-color-picker-saturation"
            style="background-color: rgb(0, 0, 0);"
          />
        </div>
      </div>
      <div
        class="rc-color-picker-slider-container"
      >
        <div
          class="rc-color-picker-slider-group"
        >
          <div
            class="rc-color-picker-slider rc-color-picker-slider-hue"
          >
            <div
              class="rc-color-picker-palette"
              style="position: relative;"
            >
              <div
                style="position: absolute; left: 0px; top: 0px; z-index: 1;"
              >
                <div
                  class="rc-color-picker-handler rc-color-picker-handler-sm"
                  style="background-color: rgb(0, 0, 0);"
                />
              </div>
              <div
                class="rc-color-picker-gradient"
                style="position: absolute; inset: 0;"
              />
            </div>
          </div>
          <div
            class="rc-color-picker-slider rc-color-picker-slider-alpha"
          >
            <div
              class="rc-color-picker-palette"
              style="position: relative;"
            >
              <div
                style="position: absolute; left: 0px; top: 0px; z-index: 1;"
              >
                <div
                  class="rc-color-picker-handler rc-color-picker-handler-sm"
                  style="background-color: rgb(22, 119, 255);"
                />
              </div>
              <div
                class="rc-color-picker-gradient"
                style="position: absolute; inset: 0;"
              />
            </div>
          </div>
        </div>
        <div
          class="rc-color-picker-color-block"
        >
          <div
            class="rc-color-picker-color-block-inner"
            style="background: rgb(22, 119, 255);"
          />
        </div>
      </div>
    </div>
  </div>
</div>
`;

exports[`ColorPicker Should custom panel work 1`] = `
<div>
  <div>
    Color Picker
  </div>
  <div
    class="rc-color-picker rc-color-picker-placement-bottomLeft"
    style="--arrow-x: 0px; --arrow-y: 0px; left: -1000vw; top: -1000vh; box-sizing: border-box;"
  >
    <div
      class="rc-color-picker-panel"
    >
      <div
        class="custom-panel"
      >
        <div
          class="rc-color-picker-select"
        >
          <div
            class="rc-color-picker-palette"
            style="position: relative;"
          >
            <div
              style="position: absolute; left: 41.372549019607845px; top: -50px; z-index: 1;"
            >
              <div
                class="rc-color-picker-handler"
                style="background-color: rgb(22, 119, 255);"
              />
            </div>
            <div
              class="rc-color-picker-saturation"
              style="background-color: rgb(0, 0, 0);"
            />
          </div>
        </div>
        <div
          class="rc-color-picker-slider-container"
        >
          <div
            class="rc-color-picker-slider-group"
          >
            <div
              class="rc-color-picker-slider rc-color-picker-slider-hue"
            >
              <div
                class="rc-color-picker-palette"
                style="position: relative;"
              >
                <div
                  style="position: absolute; left: 9.728183118741065px; top: -16.666666666666668px; z-index: 1;"
                >
                  <div
                    class="rc-color-picker-handler rc-color-picker-handler-sm"
                    style="background-color: rgb(0, 0, 0);"
                  />
                </div>
                <div
                  class="rc-color-picker-gradient"
                  style="position: absolute; inset: 0;"
                />
              </div>
            </div>
            <div
              class="rc-color-picker-slider rc-color-picker-slider-alpha"
            >
              <div
                class="rc-color-picker-palette"
                style="position: relative;"
              >
                <div
                  style="position: absolute; left: 50px; top: -16.666666666666668px; z-index: 1;"
                >
                  <div
                    class="rc-color-picker-handler rc-color-picker-handler-sm"
                    style="background-color: rgb(22, 119, 255);"
                  />
                </div>
                <div
                  class="rc-color-picker-gradient"
                  style="position: absolute; inset: 0;"
                />
              </div>
            </div>
          </div>
          <div
            class="rc-color-picker-color-block"
          >
            <div
              class="rc-color-picker-color-block-inner"
              style="background: rgb(22, 119, 255);"
            />
          </div>
        </div>
      </div>
    </div>
  </div>
</div>
`;

exports[`ColorPicker Should prefixCls work 1`] = `
<div>
  <div>
    Color Picker
  </div>
  <div
    class="test-prefixCls test-prefixCls-placement-bottomLeft"
    style="--arrow-x: 0px; --arrow-y: 0px; left: -1000vw; top: -1000vh; box-sizing: border-box;"
  >
    <div
      class="test-prefixCls-panel"
    >
      <div
        class="test-prefixCls-select"
      >
        <div
          class="test-prefixCls-palette"
          style="position: relative;"
        >
          <div
            style="position: absolute; left: 41.372549019607845px; top: -50px; z-index: 1;"
          >
            <div
              class="test-prefixCls-handler"
              style="background-color: rgb(22, 119, 255);"
            />
          </div>
          <div
            class="test-prefixCls-saturation"
            style="background-color: rgb(0, 0, 0);"
          />
        </div>
      </div>
      <div
        class="test-prefixCls-slider-container"
      >
        <div
          class="test-prefixCls-slider-group"
        >
          <div
            class="test-prefixCls-slider test-prefixCls-slider-hue"
          >
            <div
              class="test-prefixCls-palette"
              style="position: relative;"
            >
              <div
                style="position: absolute; left: 9.728183118741065px; top: -16.666666666666668px; z-index: 1;"
              >
                <div
                  class="test-prefixCls-handler test-prefixCls-handler-sm"
                  style="background-color: rgb(0, 0, 0);"
                />
              </div>
              <div
                class="test-prefixCls-gradient"
                style="position: absolute; inset: 0;"
              />
            </div>
          </div>
          <div
            class="test-prefixCls-slider test-prefixCls-slider-alpha"
          >
            <div
              class="test-prefixCls-palette"
              style="position: relative;"
            >
              <div
                style="position: absolute; left: 50px; top: -16.666666666666668px; z-index: 1;"
              >
                <div
                  class="test-prefixCls-handler test-prefixCls-handler-sm"
                  style="background-color: rgb(22, 119, 255);"
                />
              </div>
              <div
                class="test-prefixCls-gradient"
                style="position: absolute; inset: 0;"
              />
            </div>
          </div>
        </div>
        <div
          class="test-prefixCls-color-block"
        >
          <div
            class="test-prefixCls-color-block-inner"
            style="background: rgb(22, 119, 255);"
          />
        </div>
      </div>
    </div>
  </div>
</div>
`;
